scikit-learn==1.0.2
altair==4.2.0
lineapy==0.0.4
pandas==1.3.5
seaborn==0.11.2
